
> room-layout-fengshui-planner@1.0.0 test:scripts
> node --test scripts/test/*.test.mjs

✔ AdSlot waits for measurable viewport proximity and initializes exactly once (1.3292ms)
✔ AdSense resolver rejects placement keys and publisher IDs but accepts numeric test slots (0.4118ms)
✔ Planner pages defer the AdSense loader while preserving ownership meta (0.2146ms)
✔ Lighthouse applies LCP and TBT thresholds to Planner entries (0.191ms)
✔ sitemap 從未被擷取不擋部署，但狀態與訊息必須保留下來 (1.4225ms)
✔ 有新提交但同時有卡住的項目，仍然算成功 (0.2635ms)
✔ 提交失敗一定紅，即使同時有卡住的項目 (0.2162ms)
✔ 有新提交且沒有卡住，成功 (0.2097ms)
✔ 全部已註冊且沒有卡住，成功 (0.2468ms)
✔ 有路徑失敗時，失敗優先於其他判定 (0.198ms)
✔ 最終發布判定接受已註冊但尚未擷取，仍拒絕真正提交失敗或未知狀態 (1.6208ms)
✔ 沒有任何輸入時不會爆，視為全部已註冊 (0.1634ms)
✔ findStuckSitemaps：已註冊、從未被下載、且送出超過兩天才算從未擷取 (2.2555ms)
✔ needsResubmission：從未被下載且超過七天才重送 (0.3916ms)
✔ needsResubmission：Google 已經下載過的項目永遠不重送 (0.1789ms)
✔ needsResubmission：沒有可解析的送出時間就不重送，避免無限 PUT (0.1292ms)
✔ 提交腳本真的會在從未擷取時改走 PUT，而不是直接 continue (15.0849ms)
✔ 提交腳本確實使用這個純函式，而不是自己再寫一組分支 (1.1598ms)
✔ Final Header Closeout 007 locks the measured desktop breakpoint and row gates (5.5806ms)
✔ first baseline suppresses whole-site and subset includes add/update/delete (2.7454ms)
✔ foreign hosts, state URLs, malformed hashes and keys fail closed (1.2865ms)
✔ verified key, small batches, retries and no key in logs (1.4012ms)
✔ failed production verification prevents submissions (0.2679ms)
✔ Final Live Crawl 006 has a single AdSense placement/slot boundary (168.4591ms)
✔ Localization is explicit at every English and Chinese FAQ/RelatedLinks callsite (74.0902ms)
✔ Chinese Furniture Fit has no known English operation sentences (1.2049ms)
✔ Header uses the measured 1200px desktop breakpoint and preserves touch sizing (1.0174ms)
✔ Live crawl gate covers production routes and emits required evidence (1.1148ms)
✔ affiliate kicker resolves to an existing text token that passes AA on its light and dark rendered surfaces (1.8896ms)
✔ planner exposes a named group containing single-level furniture buttons (0.333ms)
✔ furniture buttons retain keyboard activation and a visible focus indicator (0.3696ms)
✔ planner CTA kicker uses a WCAG AA text color on its white surface (1.6225ms)
✔ hidden consent and status controls cannot be redisplayed by inline layout styles (0.3327ms)
✔ 沒有任何頁面自己手寫 Product JSON-LD，一律走 buildProductJsonLd (108.5192ms)
✔ 每個 buildProductJsonLd 呼叫點都帶 images 與 sku (97.4242ms)
✔ 產品封面圖在 public 下真的存在，且三種比例齊全 (1.6297ms)
✔ productSchema 在型別層面就強制至少一張圖片 (0.8131ms)
✔ English trust pages have reciprocal language links and unique self canonicals (46.9414ms)
✔ 10 ft guide and 3 m guide keep their distinct room envelopes (7.8413ms)
✔ home count and visitor-facing contact and privacy copy match the current site (3.7054ms)
✔ English footer and trust links do not open Chinese trust routes (17.7862ms)
✔ RoomFeng source URLs are always first-party even when the message looks external (1.6345ms)
✔ only explicit third-party source domains are external (0.3455ms)
✔ console classification uses the message source URL, not error text (0.6065ms)
✔ console diagnostics with no location can use an explicit third-party target URL (0.5657ms)
✔ page errors without an explicit third-party stack source remain first-party (0.6134ms)
✔ 每條轉址的來源與目標格式正確 (2.373ms)
✔ 沒有重複的轉址來源 (0.3321ms)
✔ 沒有轉址鏈：目標不能同時是另一條的來源 (0.2433ms)
✔ 不得把合併的文章一律丟回首頁 (0.2588ms)
✔ 被轉走的文章不能還留在內容目錄或 review-ready 清單裡 (10.196ms)
✔ 文章型轉址目標必須是仍然存在的文章或工具頁 (2.5689ms)
✔ 內容目錄裡不再有任何連到被合併文章的連結 (868.5327ms)
✔ _redirects 內容每行都是 "from to 301" (0.35ms)
✔ current release authority records the six English trust routes and preserves prior transition (2.8927ms)
✔ post-deploy SEO parity cannot accept the pre-deploy sitemap count (1.0794ms)
✔ semantic heading audit accepts a normal indexable document (1.9901ms)
✔ semantic heading audit rejects duplicate and out-of-order headings (0.5618ms)
✔ semantic heading audit skips explicitly noindex documents (0.2017ms)
✔ semantic heading audit ignores heading-like markup inside scripts and styles (1.0052ms)
✔ exact-dimension handoff preserves room, item type, width, depth and rotation (3.731ms)
✔ furniture fit distinguishes physical fit from requested clearance in both orientations (0.6278ms)
✔ export metadata is the contract used by PDF and PNG output (36.1349ms)
✔ export metadata is localized for both zh and en output contracts (1.0123ms)
✔ Furniture Fit presets retain exact centimetre geometry in cm, m, and ft (0.5013ms)
✔ Bedroom measured route and displayed clearance derive from the same geometry (1.2085ms)
✔ rail controls expose distinct room, furniture, templates, checks and report panels (0.8321ms)
✔ measured SEO landings put H1 before the measured H2 prototype (1.0857ms)
✔ asymmetric requested clearance placement uses the actual left/right and front/back bands (2.1507ms)
✔ English measured landings hand off the exact same centimetre dimensions as the Chinese prototypes (2.766ms)
✔ Furniture Fit and export report keep locale-specific visible contracts (32.2619ms)
✔ Chinese navigation and Planner follow the localized, text-first Review 04 contract (1.5725ms)
✔ US mattress presets use the specified common dimensions (1.8977ms)
✔ furniture fit distinguishes exact physical fit from requested clearances (0.7327ms)
✔ bed fit accepts a Queen in a 10 by 10 foot room with planning clearances (0.3454ms)
✔ bed fit can pass physical fit while failing large access requests (0.2321ms)
✔ door opening check tests both orientations and reports tight openings (0.4556ms)
✔ removable-leg reduction must be smaller than couch height (0.866ms)
✔ boundary equality fits and a slightly larger item fails (0.535ms)
✔ metric dimensions are converted and invalid dimensions are rejected (0.4311ms)
{"status":"PASS","sitemapBefore":1454,"sitemapAfter":1454,"addedUrls":0,"removedUrls":0,"canonicalDelta":0,"redirectDelta":0,"noindexDelta":0,"targets":5}
✔ US SEO Growth 002 retains its URLs while repair 001 adds only six trust routes (385.3161ms)
ℹ tests 81
ℹ suites 0
ℹ pass 81
ℹ fail 0
ℹ cancelled 0
ℹ skipped 0
ℹ todo 0
ℹ duration_ms 1130.4141
