
> room-layout-fengshui-planner@1.0.0 test:product-002
> node --experimental-strip-types --test tests/product-002-geometry.test.mjs

✔ unit conversion supports metric and imperial round trips (0.9587ms)
✔ exact edge contact is valid but a one millimetre overlap is invalid (0.5671ms)
✔ required clearance is checked separately from physical overlap (0.1552ms)
✔ rotated footprint is checked against the room boundary (0.1865ms)
✔ clearance is data-driven and door swing conflicts are reported (0.1879ms)
✔ matcher excludes unapproved layouts and ranks deterministic score (1.0008ms)
✔ imperial room rounding keeps a 10 × 12 ft authored edge matchable (0.1653ms)
✔ custom bed and too-small room fail conservatively (0.1227ms)
✔ regional bed presets remain canonical millimetres and format without changing fit math (0.1872ms)
✔ regional preset coverage includes US, Taiwan, and metric European-style sets (0.1556ms)
✔ approval status requires separate review gates and rejects on any failed gate (0.1492ms)
✔ distinctiveness signature rejects a true duplicate but accepts a strategy change (0.1959ms)
✔ studio validation requires complete zones and multifunctional furniture (0.2504ms)
✔ top three selection favours distinct authored strategies (0.2096ms)
✔ planner handoff is versioned, create-new, and preserves furniture geometry (1.2414ms)
✔ layout analytics payload excludes exact measurements and personal fields (0.2107ms)
ℹ tests 16
ℹ suites 0
ℹ pass 16
ℹ fail 0
ℹ cancelled 0
ℹ skipped 0
ℹ todo 0
ℹ duration_ms 149.5446
